1  en084 nlg clg dow num htl htc roo mea stb sta 	10 files
2  en085 nlg clg dow num htl htc roo mea 	8 files
3  en086 nlg clg dow num htl htc roo mea stb sta 	10 files
4  en087 nlg clg dow num htl htc roo mea stb sta 	10 files
5  en088 nlg clg dow num htl htc roo mea stb sta 	10 files
6  en090 nlg clg dow num htl htc roo mea stb sta 	10 files
7  en092 nlg clg dow num htl htc roo mea stb sta 	10 files
8  en093 nlg clg dow num htl htc roo mea stb sta 	10 files
9  en094 nlg clg dow num htl htc roo mea stb sta 	10 files
10 en096 nlg clg dow num htl htc roo mea stb sta 	10 files
11 en097 nlg clg dow num htl htc roo mea stb sta 	10 files
12 en098 nlg clg dow num htl htc roo mea stb sta 	10 files
13 en099 nlg clg dow num htl htc roo mea stb sta 	10 files
14 en100 nlg clg dow num htl htc roo mea stb sta 	10 files
15 en101 nlg clg dow num htl htc roo mea 	8 files
16 en103 nlg clg dow num htl htc roo mea stb 	9 files
17 en105 nlg clg dow num htl htc roo mea stb sta 	10 files
18 en106 dow num htl htc roo mea stb sta 	8 files
19 en107 nlg clg dow num htl htc roo mea stb sta 	10 files
20 en108 nlg clg dow num htl htc roo mea stb sta 	10 files
1  fa117 nlg clg dow num htl htc roo mea stb 	9 files
2  fa118 nlg clg dow num htl htc roo mea stb sta 	10 files
3  fa119 nlg clg dow num htl htc roo mea stb 	9 files
4  fa120 nlg clg dow num htl htc roo mea stb sta 	10 files
5  fa121 nlg clg dow num htl htc roo mea stb sta 	10 files
6  fa122 nlg clg dow num htl htc roo mea stb sta 	10 files
7  fa123 nlg clg dow num htl htc roo mea stb sta 	10 files
8  fa124 nlg clg dow num htl htc roo mea stb sta 	10 files
9  fa125 nlg clg dow num htl htc 	6 files
10 fa126 nlg clg dow num htl htc roo mea stb sta 	10 files
11 fa127 nlg clg dow num htl htc roo mea stb 	9 files
12 fa128 nlg clg dow num htl htc roo mea stb sta 	10 files
13 fa129 nlg clg dow num htl htc roo mea stb sta 	10 files
14 fa130 nlg clg dow num htl htc roo mea stb sta 	10 files
15 fa131 nlg clg dow num htl htc roo mea stb sta 	10 files
16 fa132 nlg clg dow num htl htc roo mea stb sta 	10 files
17 fa135 nlg clg dow num htl htc roo mea stb sta 	10 files
18 fa136 nlg clg dow num htl htc roo mea stb sta 	10 files
19 fa138 nlg clg dow num htl htc roo mea stb 	9 files
20 fa139 nlg clg dow num htl htc roo mea stb 	9 files
1  fr097 nlg clg dow num htl htc roo mea stb sta 	10 files
2  fr098 nlg clg dow num htl htc roo mea stb sta 	10 files
3  fr099 nlg clg dow num htl htc roo mea stb sta 	10 files
4  fr100 nlg clg dow num htl htc roo mea stb sta 	10 files
5  fr101 nlg clg dow num htl htc roo mea stb sta 	10 files
6  fr102 nlg dow num htl htc roo mea stb sta 	9 files
7  fr103 nlg clg dow num htl htc roo mea stb sta 	10 files
8  fr104 nlg clg dow num htl htc roo mea stb 	9 files
9  fr105 nlg clg dow num htl htc roo mea stb sta 	10 files
10 fr106 nlg clg dow num htl htc roo mea stb 	9 files
11 fr107 nlg clg dow num htl htc roo mea stb sta 	10 files
12 fr108 nlg clg dow num htl htc roo mea stb sta 	10 files
13 fr109 clg htl htc roo mea stb 	6 files
14 fr110 nlg clg dow num htl htc roo mea stb sta 	10 files
15 fr113 nlg clg dow num roo mea stb sta 	8 files
16 fr114 nlg clg dow num htl htc roo mea stb sta 	10 files
17 fr116 nlg clg dow num htl htc roo mea stb sta 	10 files
18 fr117 nlg clg dow num htl htc roo mea stb sta 	10 files
19 fr118 nlg clg dow num htl htc roo mea stb sta 	10 files
20 fr119 nlg clg dow num htl htc roo mea stb sta 	10 files
1  ge095 nlg clg dow num htl htc roo mea stb sta 	10 files
2  ge097 nlg clg dow num htl htc roo mea stb sta 	10 files
3  ge099 nlg clg dow num htl htc roo mea stb sta 	10 files
4  ge100 nlg clg dow num htl htc roo mea stb sta 	10 files
5  ge101 dow num htl htc roo mea stb sta 	8 files
6  ge102 nlg clg dow num htl htc roo mea stb sta 	10 files
7  ge106 nlg clg dow num htl htc roo mea stb sta 	10 files
8  ge109 nlg dow num htl htc roo mea stb sta 	9 files
9  ge113 nlg clg dow num htl htc roo mea stb sta 	10 files
10 ge114 nlg clg dow num htl htc roo mea stb sta 	10 files
11 ge116 nlg clg dow num htl htc roo mea stb sta 	10 files
12 ge118 nlg clg dow num htl htc roo mea stb sta 	10 files
13 ge120 nlg clg dow num htl htc roo mea stb sta 	10 files
14 ge123 nlg clg dow num htl htc roo mea stb sta 	10 files
15 ge124 nlg clg dow num htl htc roo mea stb sta 	10 files
16 ge125 nlg clg dow num htl htc roo mea stb sta 	10 files
17 ge127 nlg clg dow num htl htc roo mea stb 	9 files
18 ge128 nlg clg dow num htl htc roo mea sta 	9 files
19 ge129 nlg clg dow num htl htc roo mea stb sta 	10 files
20 ge130 nlg clg dow num htl htc roo mea stb sta 	10 files
1  ja120 nlg clg dow num htl htc roo mea stb sta 	10 files
2  ja121 nlg clg dow num htl htc roo mea stb sta 	10 files
3  ja122 nlg clg dow num htl htc roo mea stb sta 	10 files
4  ja124 nlg clg dow num htl htc roo mea stb sta 	10 files
5  ja126 nlg clg dow num htl htc roo mea stb sta 	10 files
6  ja127 nlg clg dow num htc roo mea stb sta 	9 files
7  ja128 nlg clg dow num htl htc roo mea 	8 files
8  ja129 nlg clg dow num htl htc roo mea stb sta 	10 files
9  ja130 nlg clg dow num htl htc roo mea 	8 files
10 ja131 nlg dow num htl htc roo mea stb sta 	9 files
11 ja133 nlg clg dow num htl htc roo mea stb sta 	10 files
12 ja134 clg num htl htc roo mea 	6 files
13 ja135 nlg clg dow num htl htc roo mea stb sta 	10 files
14 ja136 nlg clg dow num htl htc roo mea stb sta 	10 files
15 ja137 nlg clg dow num htl htc roo mea stb sta 	10 files
16 ja138 nlg clg dow num htl htc roo mea stb sta 	10 files
17 ja139 nlg clg dow num htl htc roo mea stb sta 	10 files
18 ja140 nlg clg dow num htl htc roo mea stb 	9 files
19 ja141 nlg clg dow num htl htc roo mea stb sta 	10 files
20 ja142 nlg clg dow num htl htc roo mea stb sta 	10 files
1  ko109 nlg clg dow num htl htc roo mea stb sta 	10 files
2  ko110 nlg clg dow num htl htc roo mea stb sta 	10 files
3  ko111 nlg dow num htl htc roo mea stb sta 	9 files
4  ko112 nlg clg dow num htl htc roo mea stb sta 	10 files
5  ko113 nlg clg dow num htl htc roo mea stb sta 	10 files
6  ko114 nlg clg dow num htl htc roo mea stb 	9 files
7  ko118 nlg clg dow num htl htc roo mea stb sta 	10 files
8  ko120 nlg dow num htl htc roo mea stb sta 	9 files
9  ko125 nlg clg dow num htl htc roo mea stb 	9 files
10 ko127 nlg clg dow num htl htc roo sta 	8 files
11 ko129 nlg clg dow num htl htc roo mea stb sta 	10 files
12 ko130 nlg clg dow num htl htc roo mea stb sta 	10 files
13 ko131 dow num htl htc roo mea stb sta 	8 files
14 ko132 nlg clg dow num roo stb sta 	7 files
15 ko136 nlg clg dow num htl htc roo mea stb 	9 files
16 ko137 nlg clg dow num htl htc roo mea stb 	9 files
17 ko138 nlg clg dow num htl htc roo mea stb 	9 files
18 ko139 nlg clg dow num htl htc roo mea stb sta 	10 files
19 ko140 nlg clg dow num htl htc roo mea sta 	9 files
20 ko141 nlg clg dow num htl htc roo mea stb sta 	10 files
1  ma121 nlg clg dow num htl htc roo mea stb sta 	10 files
2  ma122 nlg clg dow num htl htc roo mea stb sta 	10 files
3  ma123 nlg clg dow num htl htc roo mea stb sta 	10 files
4  ma124 nlg clg dow num htl htc roo mea stb 	9 files
5  ma126 nlg clg dow num htl htc roo mea stb 	9 files
6  ma127 nlg clg dow num htl htc roo mea stb 	9 files
7  ma129 nlg clg dow num htl htc roo mea stb sta 	10 files
8  ma134 nlg clg dow num htl htc roo mea stb 	9 files
9  ma135 nlg clg dow num htl htc roo mea stb sta 	10 files
10 ma136 nlg clg dow num htl htc roo mea stb 	9 files
11 ma137 nlg clg dow num htl htc roo mea stb sta 	10 files
12 ma138 nlg clg dow num htl htc roo mea stb sta 	10 files
13 ma140 nlg clg dow num htc roo mea stb 	8 files
14 ma141 clg dow num htl htc roo mea 	7 files
15 ma142 nlg clg dow num htl htc roo mea stb sta 	10 files
16 ma143 nlg clg dow num htc roo mea stb sta 	9 files
17 ma146 nlg clg dow num htl htc roo mea stb sta 	10 files
18 ma147 nlg clg dow num htl htc roo mea stb sta 	10 files
19 ma148 nlg clg dow num htl htc roo mea stb sta 	10 files
20 ma149 nlg clg dow num htl htc roo mea stb 	9 files
1  sp081 nlg clg dow num htl htc roo mea stb sta 	10 files
2  sp082 nlg clg dow num htl htc roo mea stb sta 	10 files
3  sp083 nlg clg dow num htl htc roo mea stb sta 	10 files
4  sp084 nlg clg dow num htl htc roo mea stb sta 	10 files
5  sp085 nlg clg dow num htl htc roo mea stb 	9 files
6  sp087 nlg clg dow num htl htc roo mea stb sta 	10 files
7  sp088 nlg clg dow num htl htc roo mea stb 	9 files
8  sp089 nlg clg dow num htl htc roo mea stb sta 	10 files
9  sp090 nlg clg dow num htl htc roo mea stb sta 	10 files
10 sp091 nlg clg dow num htl htc roo mea stb 	9 files
11 sp092 nlg clg dow num htl htc roo mea 	8 files
12 sp093 nlg clg dow num htl htc roo mea stb 	9 files
13 sp094 nlg clg dow num htl htc roo mea stb 	9 files
14 sp095 nlg clg dow num htl htc roo mea stb sta 	10 files
15 sp096 nlg clg dow num htl htc roo mea stb sta 	10 files
16 sp097 nlg clg dow num htl htc roo mea stb 	9 files
17 sp098 nlg clg dow num htl htc roo mea stb sta 	10 files
18 sp099 clg dow num htl htc roo mea stb sta 	9 files
19 sp100 nlg clg dow num htl htc roo mea stb 	9 files
20 sp102 nlg clg dow num htl htc roo mea stb sta 	10 files
1  ta105 nlg clg dow num htl htc roo mea stb sta 	10 files
2  ta106 nlg clg dow num htl htc roo mea stb sta 	10 files
3  ta107 nlg clg dow num htl htc roo mea stb sta 	10 files
4  ta108 nlg clg dow num htl htc roo mea stb sta 	10 files
5  ta110 nlg clg dow num htl htc roo mea stb sta 	10 files
6  ta111 nlg clg dow num htl htc roo mea stb sta 	10 files
7  ta114 nlg clg dow num htl htc roo mea stb 	9 files
8  ta115 nlg clg dow num htl htc roo mea 	8 files
9  ta116 nlg clg dow num htl htc roo mea stb sta 	10 files
10 ta117 nlg clg dow num htl htc roo mea stb 	9 files
11 ta118 nlg clg dow num htl htc roo mea stb 	9 files
12 ta121 nlg clg num htl htc roo mea stb sta 	9 files
13 ta122 nlg clg dow num htl htc roo mea stb sta 	10 files
14 ta124 nlg clg dow num htl htc roo mea stb sta 	10 files
15 ta125 nlg clg dow num htl htc roo mea stb sta 	10 files
16 ta129 nlg clg dow num htl htc roo mea stb sta 	10 files
17 ta132 nlg clg dow num htl htc roo mea stb sta 	10 files
18 ta133 nlg clg dow num htl htc roo mea stb sta 	10 files
19 ta137 nlg clg dow num htl htc mea stb 	8 files
20 ta138 nlg clg dow num htl htc roo mea stb sta 	10 files
1  vi107 clg dow num htl htc roo mea stb 	8 files
2  vi108 nlg clg dow num htl htc roo mea 	8 files
3  vi112 nlg clg dow num htl htc roo mea stb sta 	10 files
4  vi113 clg dow num htl htc roo mea stb sta 	9 files
5  vi114 nlg clg dow num htl htc roo mea stb sta 	10 files
6  vi116 nlg clg dow num htl htc roo mea stb 	9 files
7  vi117 nlg clg dow num htl htc roo mea stb sta 	10 files
8  vi118 nlg clg dow num htl htc roo mea stb sta 	10 files
9  vi119 nlg clg dow num htl htc roo mea stb sta 	10 files
10 vi120 nlg clg dow num htl htc roo mea stb 	9 files
11 vi126 nlg clg dow num htl htc roo mea stb 	9 files
12 vi127 nlg clg dow num htl htc roo mea stb sta 	10 files
13 vi129 nlg clg dow num htl htc roo mea stb sta 	10 files
14 vi130 nlg clg dow num htl htc roo mea stb 	9 files
15 vi131 nlg clg dow num htl htc roo mea stb 	9 files
16 vi132 nlg clg dow num htl htc roo mea 	8 files
17 vi134 nlg clg dow num htl htc roo mea stb 	9 files
18 vi135 nlg clg dow num htc roo mea stb sta 	9 files
19 vi139 nlg clg dow num htl htc roo mea stb sta 	10 files
20 vi140 nlg clg dow num htl htc roo mea stb 	9 files
