1  en062 nlg clg dow num htl htc roo mea stb sta 	10 files
2  en063 nlg clg dow num htl htc roo mea stb sta 	10 files
3  en064 nlg clg dow num htl htc roo mea stb sta 	10 files
4  en065 nlg clg dow num htc roo stb sta 	8 files
5  en066 nlg clg dow num htl htc roo mea stb sta 	10 files
6  en068 nlg clg dow num htl htc roo mea stb sta 	10 files
7  en069 nlg clg dow num htl htc roo mea stb sta 	10 files
8  en070 nlg clg dow num htl htc roo mea stb sta 	10 files
9  en071 nlg clg dow num htl htc roo mea stb sta 	10 files
10 en072 nlg clg dow num htl htc roo mea stb sta 	10 files
11 en073 nlg clg dow num htl htc roo mea stb sta 	10 files
12 en074 nlg clg dow num htl htc roo mea stb 	9 files
13 en076 nlg clg dow num htl htc roo mea stb sta 	10 files
14 en077 nlg clg dow num htl htc roo mea stb sta 	10 files
15 en078 nlg clg dow num htl htc roo mea stb sta 	10 files
16 en079 nlg clg dow num htl htc roo mea stb sta 	10 files
17 en080 nlg clg dow num htl htc roo mea 	8 files
18 en081 nlg clg dow num htl htc roo mea stb sta 	10 files
19 en082 nlg clg dow num htl htc roo mea stb sta 	10 files
20 en083 nlg clg dow num htl htc roo mea stb sta 	10 files
1  fa090 nlg clg dow num htl htc roo mea stb sta 	10 files
2  fa093 nlg clg dow num htl htc roo mea stb sta 	10 files
3  fa094 nlg clg dow num htl htc roo mea stb sta 	10 files
4  fa095 clg dow num htl htc roo mea stb 	8 files
5  fa096 nlg clg dow num htl htc roo mea stb 	9 files
6  fa099 nlg clg dow num htl htc roo mea stb sta 	10 files
7  fa100 nlg clg dow num htl htc roo mea stb sta 	10 files
8  fa101 nlg clg dow num htl htc roo mea stb sta 	10 files
9  fa102 nlg clg dow num htl htc roo mea stb sta 	10 files
10 fa103 nlg clg dow num htl htc roo mea stb sta 	10 files
11 fa104 nlg clg dow num htl htc roo mea stb 	9 files
12 fa107 nlg clg dow num htl htc roo mea stb sta 	10 files
13 fa108 nlg clg dow num htl htc roo mea stb sta 	10 files
14 fa109 nlg clg dow num htl htc roo mea stb sta 	10 files
15 fa111 nlg clg dow num htl htc roo mea stb 	9 files
16 fa112 nlg clg dow num htl htc roo mea stb 	9 files
17 fa113 nlg clg dow num htl htc roo mea stb sta 	10 files
18 fa114 nlg clg dow num htl htc mea stb 	8 files
19 fa115 nlg clg dow num htl htc roo mea stb 	9 files
20 fa116 nlg clg dow num htl htc roo mea stb 	9 files
1  fr068 nlg clg dow num htl htc roo mea stb sta 	10 files
2  fr069 nlg clg dow num htl htc roo mea stb 	9 files
3  fr071 nlg clg dow num htl htc roo mea stb sta 	10 files
4  fr072 nlg clg dow num htl htc roo mea stb sta 	10 files
5  fr073 nlg clg dow num htl htc roo mea stb sta 	10 files
6  fr074 nlg clg dow num htl htc roo mea stb sta 	10 files
7  fr075 nlg clg dow num htl htc roo mea stb sta 	10 files
8  fr079 nlg clg dow num htl htc 	6 files
9  fr080 nlg clg dow num htl htc roo mea stb sta 	10 files
10 fr081 clg dow num htl htc roo mea stb 	8 files
11 fr083 nlg clg dow num htl htc roo mea stb sta 	10 files
12 fr085 nlg clg dow num htl htc roo mea stb sta 	10 files
13 fr086 nlg clg dow num htl htc roo mea stb 	9 files
14 fr087 nlg clg dow num htl htc roo mea stb 	9 files
15 fr090 nlg clg dow num htl htc roo mea stb sta 	10 files
16 fr092 nlg clg dow num htl htc roo mea stb 	9 files
17 fr093 nlg clg dow num htl htc roo mea stb sta 	10 files
18 fr094 nlg clg dow num htl htc roo mea 	8 files
19 fr095 nlg clg dow num htl htc roo mea stb sta 	10 files
20 fr096 nlg clg dow num htl htc roo mea stb sta 	10 files
1  ge069 nlg clg dow num htl htc roo mea stb sta 	10 files
2  ge070 nlg clg dow num htl htc roo mea stb sta 	10 files
3  ge072 nlg clg dow num htl htc roo mea stb 	9 files
4  ge074 nlg clg dow num htl htc roo mea stb sta 	10 files
5  ge075 nlg clg dow num htl htc roo mea stb sta 	10 files
6  ge077 nlg clg dow num htl htc roo mea stb sta 	10 files
7  ge078 dow num htl htc roo mea stb 	7 files
8  ge079 nlg clg dow num htl htc roo mea stb 	9 files
9  ge080 nlg clg dow num htl htc roo mea stb sta 	10 files
10 ge081 dow num htl htc roo mea stb sta 	8 files
11 ge083 nlg clg dow num htl htc roo mea stb 	9 files
12 ge085 nlg clg dow num htl htc roo mea stb 	9 files
13 ge086 nlg clg dow num htl htc roo mea stb sta 	10 files
14 ge087 nlg clg dow num htl htc roo mea stb 	9 files
15 ge088 nlg clg dow num htl htc roo mea stb sta 	10 files
16 ge089 nlg clg dow num htl htc roo mea stb sta 	10 files
17 ge090 nlg clg dow num htl htc roo mea stb sta 	10 files
18 ge091 nlg clg dow num htl htc roo mea stb sta 	10 files
19 ge093 nlg clg dow num htl htc roo mea stb sta 	10 files
20 ge094 dow num htl htc roo mea stb sta 	8 files
1  ja091 nlg clg dow num htl htc roo mea stb sta 	10 files
2  ja092 nlg clg dow num htl htc roo mea stb sta 	10 files
3  ja094 nlg clg dow num htl htc roo mea stb sta 	10 files
4  ja096 nlg clg dow num htl htc roo mea stb sta 	10 files
5  ja097 nlg clg dow num htl htc roo mea stb sta 	10 files
6  ja100 nlg clg dow num htl htc roo mea stb sta 	10 files
7  ja101 nlg clg dow num htl htc roo mea stb sta 	10 files
8  ja102 nlg clg dow num htl htc roo mea stb sta 	10 files
9  ja104 nlg clg dow num htl htc roo mea stb 	9 files
10 ja105 nlg clg dow num htl htc roo mea stb sta 	10 files
11 ja106 nlg clg dow num htl htc roo mea stb sta 	10 files
12 ja107 nlg clg dow num htl htc roo mea stb sta 	10 files
13 ja108 nlg clg dow num htl htc roo mea 	8 files
14 ja109 nlg clg dow num htl htc roo mea stb 	9 files
15 ja110 nlg clg dow num htl htc roo mea stb sta 	10 files
16 ja112 nlg clg dow num htl htc roo mea stb sta 	10 files
17 ja113 nlg clg dow num htl htc roo mea stb sta 	10 files
18 ja116 nlg clg dow num htl htc roo mea stb sta 	10 files
19 ja117 clg dow num htl htc roo mea stb sta 	9 files
20 ja118 nlg clg dow num htl htc roo mea stb sta 	10 files
1  ko073 nlg clg dow num htc roo mea stb 	8 files
2  ko074 nlg clg dow num htl htc roo mea stb 	9 files
3  ko075 nlg clg dow num htl htc roo mea stb 	9 files
4  ko076 nlg clg dow num htl htc roo mea stb 	9 files
5  ko079 dow num htl htc roo mea stb 	7 files
6  ko080 dow num htl htc roo mea stb 	7 files
7  ko081 nlg clg dow num htl htc roo stb 	8 files
8  ko085 nlg clg dow num htc roo mea stb 	8 files
9  ko090 clg dow num htl htc roo mea stb 	8 files
10 ko091 clg dow num htc roo mea 	6 files
11 ko094 nlg clg dow num htl htc roo mea stb sta 	10 files
12 ko096 nlg clg dow num htl htc roo mea 	8 files
13 ko097 nlg clg dow num htl htc roo mea stb 	9 files
14 ko099 dow num htl htc roo mea stb sta 	8 files
15 ko100 nlg clg dow num htl htc roo mea sta 	9 files
16 ko101 nlg clg dow num htl htc roo mea stb 	9 files
17 ko103 nlg clg dow num htl htc roo mea stb 	9 files
18 ko105 nlg clg dow num htl htc roo mea stb 	9 files
19 ko106 nlg clg dow num htl htc roo mea stb sta 	10 files
20 ko108 clg dow num htl htc stb 	6 files
1  ma079 nlg clg num htl htc roo mea stb sta 	9 files
2  ma081 nlg clg dow num htl htc 	6 files
3  ma083 nlg clg dow num htl htc roo mea stb sta 	10 files
4  ma086 nlg num htc roo mea stb sta 	7 files
5  ma090 nlg dow num htl htc roo mea stb sta 	9 files
6  ma092 nlg clg dow num htl htc roo mea stb sta 	10 files
7  ma093 nlg clg dow num htl htc roo mea stb sta 	10 files
8  ma097 nlg clg dow num htl htc roo mea stb sta 	10 files
9  ma098 nlg clg num htl htc roo mea stb sta 	9 files
10 ma099 nlg clg dow num htl htc roo mea 	8 files
11 ma100 nlg clg num htl htc roo mea stb sta 	9 files
12 ma101 nlg clg dow num htl htc roo mea stb sta 	10 files
13 ma105 nlg clg dow num htl htc roo mea stb sta 	10 files
14 ma106 nlg clg dow num htc roo mea stb 	8 files
15 ma107 nlg clg dow num htl htc roo mea stb 	9 files
16 ma108 nlg clg dow num htl htc roo mea stb sta 	10 files
17 ma109 nlg clg dow num htl htc roo mea stb sta 	10 files
18 ma113 nlg clg dow num htl htc roo mea stb sta 	10 files
19 ma118 clg dow num htl htc roo mea stb 	8 files
20 ma119 nlg clg dow num htl htc roo mea stb sta 	10 files
1  sp060 nlg clg dow num htl htc roo mea stb 	9 files
2  sp062 nlg clg dow num htl htc roo mea stb sta 	10 files
3  sp063 nlg clg dow num htl htc roo mea stb 	9 files
4  sp064 nlg clg dow num htl htc roo mea stb 	9 files
5  sp065 nlg clg dow num htl htc roo mea stb sta 	10 files
6  sp066 nlg clg dow num htl htc roo mea 	8 files
7  sp067 nlg clg dow num htl htc mea stb sta 	9 files
8  sp068 nlg clg dow num htl htc roo mea stb sta 	10 files
9  sp069 nlg clg dow num htl htc roo mea stb sta 	10 files
10 sp070 nlg clg dow num htl htc roo mea stb sta 	10 files
11 sp071 nlg clg num htl htc roo mea stb 	8 files
12 sp072 nlg clg dow num htl htc roo mea stb sta 	10 files
13 sp073 nlg clg dow num htl htc roo mea stb sta 	10 files
14 sp074 nlg clg dow num htl htc roo mea 	8 files
15 sp075 nlg clg dow num htl htc roo mea 	8 files
16 sp076 nlg clg dow num htl htc roo mea stb sta 	10 files
17 sp077 nlg clg dow num htl htc roo mea stb sta 	10 files
18 sp078 nlg clg dow num htl htc roo mea stb sta 	10 files
19 sp079 nlg clg dow num htl htc roo mea stb sta 	10 files
20 sp080 nlg clg dow num htl htc roo mea stb sta 	10 files
1  ta075 nlg clg dow num htl htc roo 	7 files
2  ta076 nlg clg dow num htl htc roo mea 	8 files
3  ta077 nlg dow num htl htc roo mea stb sta 	9 files
4  ta078 nlg clg dow num htl htc roo mea stb 	9 files
5  ta079 nlg clg dow num htl htc roo mea stb 	9 files
6  ta080 nlg num htl htc roo mea stb sta 	8 files
7  ta083 nlg clg dow num htl htc roo mea 	8 files
8  ta084 nlg clg dow num htl htc roo mea stb sta 	10 files
9  ta085 nlg clg dow num htl htc roo mea 	8 files
10 ta086 nlg clg dow num htl htc roo mea stb 	9 files
11 ta089 nlg clg dow num htl htc roo mea stb sta 	10 files
12 ta090 nlg clg dow num htl htc roo mea stb sta 	10 files
13 ta091 nlg clg dow num htl htc roo mea stb 	9 files
14 ta094 nlg clg dow num htl htc roo mea stb 	9 files
15 ta095 nlg clg dow num htl htc roo mea stb sta 	10 files
16 ta098 nlg clg dow num htl htc roo mea stb sta 	10 files
17 ta099 nlg clg dow num htl htc roo mea 	8 files
18 ta100 nlg clg dow num htl roo mea 	7 files
19 ta102 nlg dow num htl htc roo mea stb sta 	9 files
20 ta104 nlg clg dow num htl htc roo mea stb sta 	10 files
1  vi077 nlg clg dow num htl htc roo mea stb 	9 files
2  vi080 nlg clg dow num htl htc roo mea 	8 files
3  vi083 nlg clg dow num htl htc roo mea stb 	9 files
4  vi085 nlg clg dow num htl htc roo mea stb sta 	10 files
5  vi086 nlg clg dow num htl htc roo mea stb sta 	10 files
6  vi087 nlg clg dow num htl htc roo mea stb sta 	10 files
7  vi089 nlg clg dow num htl htc roo mea stb sta 	10 files
8  vi090 nlg clg dow num htl htc roo mea 	8 files
9  vi092 nlg clg dow num htl htc roo mea stb sta 	10 files
10 vi094 nlg clg dow num htl htc roo mea stb 	9 files
11 vi096 nlg clg dow num htl htc roo 	7 files
12 vi097 nlg clg dow num htl htc roo mea stb 	9 files
13 vi098 nlg clg dow num htc roo mea stb 	8 files
14 vi099 nlg clg dow num htl htc roo mea stb sta 	10 files
15 vi100 nlg dow num htl htc roo mea stb 	8 files
16 vi101 nlg clg dow num htl htc roo mea stb 	9 files
17 vi102 nlg clg dow num htc roo mea stb sta 	9 files
18 vi104 nlg clg dow num htl htc roo mea stb sta 	10 files
19 vi105 nlg clg dow num htl htc roo mea stb 	9 files
20 vi106 clg dow num htl htc roo mea 	7 files
